// Jest Snapshot v1, https://goo.gl/fbAQLP

exports[`"internal-error" Lint Test prints out internal errors & exit message 1`] = `
[
  "PackageLint: medallo@1.0.0",
  "",
  "medallo@1.0.0",
  "  [warning][medallo@1.0.0][report-all]: ",
  "  [internal-error][medallo@1.0.0][will-throw]: whoops",
  "",
  "medallo@1.0.0 → foo@1.0.0",
  "  [warning][foo@1.0.0][report-all]: ",
  "  [internal-error][foo@1.0.0][will-throw]: whoops",
  "",
  "medallo@1.0.0 → bar@1.0.0",
  "  [warning][bar@1.0.0][report-all]: ",
  "  [internal-error][bar@1.0.0][will-throw]: whoops",
  "",
  "Found 3 warning(s) and 0 error(s)",
  "Terminated with 3 internal error(s), please check lint output",
  "",
  "",
]
`;

exports[`"internal-error" Lint Test prints out internal errors & exit message 2`] = `[]`;
