// Jest Snapshot v1, https://goo.gl/fbAQLP

exports[`Report Command works 1`] = `
Array [
  "Report: Tree Report",
  "@webassemblyjs/ast@1.9.0 (14 dependencies)",
  "├── @webassemblyjs/helper-module-context@1.9.0 (1 dependencies)",
  "│   └── @webassemblyjs/ast@1.9.0 (0 dependencies)",
  "├── @webassemblyjs/helper-wasm-bytecode@1.9.0 (0 dependencies)",
  "└── @webassemblyjs/wast-parser@1.9.0 (10 dependencies)",
  "    ├── @webassemblyjs/ast@1.9.0 (0 dependencies)",
  "    ├── @webassemblyjs/floating-point-hex-parser@1.9.0 (0 dependencies)",
  "    ├── @webassemblyjs/helper-api-error@1.9.0 (0 dependencies)",
  "    ├── @webassemblyjs/helper-code-frame@1.9.0 (4 dependencies)",
  "    │   └── @webassemblyjs/wast-printer@1.9.0 (3 dependencies)",
  "    │       ├── @webassemblyjs/ast@1.9.0 (0 dependencies)",
  "    │       ├── @webassemblyjs/wast-parser@1.9.0 (0 dependencies)",
  "    │       └── @xtuc/long@4.2.2 (0 dependencies)",
  "    ├── @webassemblyjs/helper-fsm@1.9.0 (0 dependencies)",
  "    └── @xtuc/long@4.2.2 (0 dependencies)",
  "",
  "Report: Tree Report",
  "@webassemblyjs/ast@1.9.0 (14 dependencies)",
  "├── @webassemblyjs/helper-module-context@1.9.0 (1 dependencies)",
  "│   └── @webassemblyjs/ast@1.9.0 (0 dependencies)",
  "├── @webassemblyjs/helper-wasm-bytecode@1.9.0 (0 dependencies)",
  "└── @webassemblyjs/wast-parser@1.9.0 (10 dependencies)",
  "    ├── @webassemblyjs/ast@1.9.0 (0 dependencies)",
  "    ├── @webassemblyjs/floating-point-hex-parser@1.9.0 (0 dependencies)",
  "    ├── @webassemblyjs/helper-api-error@1.9.0 (0 dependencies)",
  "    ├── @webassemblyjs/helper-code-frame@1.9.0 (4 dependencies)",
  "    │   └── @webassemblyjs/wast-printer@1.9.0 (3 dependencies)",
  "    │       ├── @webassemblyjs/ast@1.9.0 (0 dependencies)",
  "    │       ├── @webassemblyjs/wast-parser@1.9.0 (0 dependencies)",
  "    │       └── @xtuc/long@4.2.2 (0 dependencies)",
  "    ├── @webassemblyjs/helper-fsm@1.9.0 (0 dependencies)",
  "    └── @xtuc/long@4.2.2 (0 dependencies)",
  "",
  "",
]
`;
