// Jest Snapshot v1, https://goo.gl/fbAQLP

exports[`Tree Command --folder --type 1`] = `
Array [
  "testproject1@1.0.0 (13 dependencies)",
  "└── react@16.8.6 (12 dependencies)",
  "    ├── loose-envify@1.4.0 (1 dependencies)",
  "    │   └── js-tokens@4.0.0 (0 dependencies)",
  "    ├── object-assign@4.1.1 (0 dependencies)",
  "    ├── prop-types@15.7.2 (4 dependencies)",
  "    │   ├── loose-envify@1.4.0 (1 dependencies)",
  "    │   │   └── js-tokens@4.0.0 (0 dependencies)",
  "    │   ├── object-assign@4.1.1 (0 dependencies)",
  "    │   └── react-is@16.8.6 (0 dependencies)",
  "    └── scheduler@0.13.6 (3 dependencies)",
  "        ├── loose-envify@1.4.0 (1 dependencies)",
  "        │   └── js-tokens@4.0.0 (0 dependencies)",
  "        └── object-assign@4.1.1 (0 dependencies)",
  "",
]
`;

exports[`Tree Command --package --type 1`] = `
Array [
  "react@16.8.1 (12 dependencies)",
  "├── loose-envify@1.4.0 (1 dependencies)",
  "│   └── js-tokens@4.0.0 (0 dependencies)",
  "├── object-assign@4.1.1 (0 dependencies)",
  "├── prop-types@15.7.2 (4 dependencies)",
  "│   ├── loose-envify@1.4.0 (1 dependencies)",
  "│   │   └── js-tokens@4.0.0 (0 dependencies)",
  "│   ├── object-assign@4.1.1 (0 dependencies)",
  "│   └── react-is@16.13.1 (0 dependencies)",
  "└── scheduler@0.13.6 (3 dependencies)",
  "    ├── loose-envify@1.4.0 (1 dependencies)",
  "    │   └── js-tokens@4.0.0 (0 dependencies)",
  "    └── object-assign@4.1.1 (0 dependencies)",
  "",
]
`;
