// Jest Snapshot v1, https://goo.gl/fbAQLP

exports[`Update Info Command --package 1`] = `
Array [
  "[1mUpdate Info for react@16.8.1[22m",
  "Semantic match: 16.8.1  (992 days ago)",
  "Latest bugfix:  16.8.6 (942 days ago)",
  "Latest minor:   16.14.0 (376 days ago)",
  "Latest version: 17.0.2 (217 days ago)",
  "",
]
`;
