// Jest Snapshot v1, https://goo.gl/fbAQLP

exports[`Tree Tests Print tree 1`] = `
[
  "testproject1@1.0.0",
  "└── react@16.8.6",
  "    ├── loose-envify@1.4.0",
  "    │   └── js-tokens@4.0.0",
  "    ├── object-assign@4.1.1",
  "    ├── prop-types@15.7.2",
  "    │   ├── loose-envify@1.4.0",
  "    │   │   └── js-tokens@4.0.0",
  "    │   ├── object-assign@4.1.1",
  "    │   └── react-is@16.8.6",
  "    └── scheduler@0.13.6",
  "        ├── loose-envify@1.4.0",
  "        │   └── js-tokens@4.0.0",
  "        └── object-assign@4.1.1",
  "",
]
`;

exports[`Tree Tests Print tree with multi lines 1`] = `
[
  "testproject1@1.0.0 (13 dependencies)",
  "License: ISC",
  "└── react@16.8.6 (12 dependencies)",
  "    License: MIT",
  "    ├── loose-envify@1.4.0 (1 dependencies)",
  "    │   License: MIT",
  "    │   └── js-tokens@4.0.0 (0 dependencies)",
  "    │       License: MIT",
  "    ├── object-assign@4.1.1 (0 dependencies)",
  "    │   License: MIT",
  "    ├── prop-types@15.7.2 (4 dependencies)",
  "    │   License: MIT",
  "    │   ├── loose-envify@1.4.0 (1 dependencies)",
  "    │   │   License: MIT",
  "    │   │   └── js-tokens@4.0.0 (0 dependencies)",
  "    │   │       License: MIT",
  "    │   ├── object-assign@4.1.1 (0 dependencies)",
  "    │   │   License: MIT",
  "    │   └── react-is@16.8.6 (0 dependencies)",
  "    │       License: MIT",
  "    └── scheduler@0.13.6 (3 dependencies)",
  "        License: MIT",
  "        ├── loose-envify@1.4.0 (1 dependencies)",
  "        │   License: MIT",
  "        │   └── js-tokens@4.0.0 (0 dependencies)",
  "        │       License: MIT",
  "        └── object-assign@4.1.1 (0 dependencies)",
  "            License: MIT",
  "",
]
`;
